Analysis & Synthesis report for webdu
Fri Nov 30 15:23:13 2018
Quartus II 64-Bit Version 13.0.0 Build 156 04/24/2013 SJ Web Edition


---------------------
; Table of Contents ;
---------------------
  1. Legal Notice
  2. Analysis & Synthesis Summary
  3. Analysis & Synthesis Settings
  4. Parallel Compilation
  5. Analysis & Synthesis Source Files Read
  6. Analysis & Synthesis Resource Usage Summary
  7. Analysis & Synthesis Resource Utilization by Entity
  8. State Machine - |webdu|temp:Temp|state
  9. Registers Removed During Synthesis
 10. General Register Statistics
 11. Multiplexer Restructuring Statistics (Restructuring Performed)
 12. Parameter Settings for User Entity Instance: DVF:dvf
 13. Parameter Settings for User Entity Instance: temp:Temp
 14. Parameter Settings for User Entity Instance: lcd1602:UU
 15. Parameter Settings for Inferred Entity Instance: lpm_divide:Mod0
 16. Parameter Settings for Inferred Entity Instance: lpm_divide:Mod1
 17. Parameter Settings for Inferred Entity Instance: lpm_divide:Div1
 18. Parameter Settings for Inferred Entity Instance: lpm_divide:Div3
 19. Parameter Settings for Inferred Entity Instance: lpm_divide:Mod2
 20. Parameter Settings for Inferred Entity Instance: lpm_divide:Div2
 21. Parameter Settings for Inferred Entity Instance: lpm_divide:Mod3
 22. Parameter Settings for Inferred Entity Instance: lpm_divide:Div0
 23. Port Connectivity Checks: "lcd1602:UU"
 24. Port Connectivity Checks: "temp:Temp"
 25. Elapsed Time Per Partition
 26. Analysis & Synthesis Messages
 27. Analysis & Synthesis Suppressed Messages



----------------
; Legal Notice ;
----------------
Copyright (C) 1991-2013 Altera Corporation
Your use of Altera Corporation's design tools, logic functions 
and other software and tools, and its AMPP partner logic 
functions, and any output files from any of the foregoing 
(including device programming or simulation files), and any 
associated documentation or information are expressly subject 
to the terms and conditions of the Altera Program License 
Subscription Agreement, Altera MegaCore Function License 
Agreement, or other applicable license agreement, including, 
without limitation, that your use is for the sole purpose of 
programming logic devices manufactured by Altera and sold by 
Altera or its authorized distributors.  Please refer to the 
applicable agreement for further details.



+---------------------------------------------------------------------------------+
; Analysis & Synthesis Summary                                                    ;
+------------------------------------+--------------------------------------------+
; Analysis & Synthesis Status        ; Successful - Fri Nov 30 15:23:13 2018      ;
; Quartus II 64-Bit Version          ; 13.0.0 Build 156 04/24/2013 SJ Web Edition ;
; Revision Name                      ; webdu                                      ;
; Top-level Entity Name              ; webdu                                      ;
; Family                             ; Cyclone IV E                               ;
; Total logic elements               ; 785                                        ;
;     Total combinational functions  ; 713                                        ;
;     Dedicated logic registers      ; 184                                        ;
; Total registers                    ; 184                                        ;
; Total pins                         ; 14                                         ;
; Total virtual pins                 ; 0                                          ;
; Total memory bits                  ; 0                                          ;
; Embedded Multiplier 9-bit elements ; 0                                          ;
; Total PLLs                         ; 0                                          ;
+------------------------------------+--------------------------------------------+


+----------------------------------------------------------------------------------------------------------------------+
; Analysis & Synthesis Settings                                                                                        ;
+----------------------------------------------------------------------------+--------------------+--------------------+
; Option                                                                     ; Setting            ; Default Value      ;
+----------------------------------------------------------------------------+--------------------+--------------------+
; Device                                                                     ; EP4CE6E22C8        ;                    ;
; Top-level entity name                                                      ; webdu              ; webdu              ;
; Family name                                                                ; Cyclone IV E       ; Cyclone IV GX      ;
; Use smart compilation                                                      ; Off                ; Off                ;
; Enable parallel Assembler and TimeQuest Timing Analyzer during compilation ; On                 ; On                 ;
; Enable compact report table                                                ; Off                ; Off                ;
; Restructure Multiplexers                                                   ; Auto               ; Auto               ;
; Create Debugging Nodes for IP Cores                                        ; Off                ; Off                ;
; Preserve fewer node names                                                  ; On                 ; On                 ;
; Disable OpenCore Plus hardware evaluation                                  ; Off                ; Off                ;
; Verilog Version                                                            ; Verilog_2001       ; Verilog_2001       ;
; VHDL Version                                                               ; VHDL_1993          ; VHDL_1993          ;
; State Machine Processing                                                   ; Auto               ; Auto               ;
; Safe State Machine                                                         ; Off                ; Off                ;
; Extract Verilog State Machines                                             ; On                 ; On                 ;
; Extract VHDL State Machines                                                ; On                 ; On                 ;
; Ignore Verilog initial constructs                                          ; Off                ; Off                ;
; Iteration limit for constant Verilog loops                                 ; 5000               ; 5000               ;
; Iteration limit for non-constant Verilog loops                             ; 250                ; 250                ;
; Add Pass-Through Logic to Inferred RAMs                                    ; On                 ; On                 ;
; Infer RAMs from Raw Logic                                                  ; On                 ; On                 ;
; Parallel Synthesis                                                         ; Off                ; Off                ;
; DSP Block Balancing                                                        ; Auto               ; Auto               ;
; NOT Gate Push-Back                                                         ; On                 ; On                 ;
; Power-Up Don't Care                                                        ; On                 ; On                 ;
; Remove Redundant Logic Cells                                               ; Off                ; Off                ;
; Remove Duplicate Registers                                                 ; On                 ; On                 ;
; Ignore CARRY Buffers                                                       ; Off                ; Off                ;
; Ignore CASCADE Buffers                                                     ; Off                ; Off                ;
; Ignore GLOBAL Buffers                                                      ; Off                ; Off                ;
; Ignore ROW GLOBAL Buffers                                                  ; Off                ; Off                ;
; Ignore LCELL Buffers                                                       ; Off                ; Off                ;
; Ignore SOFT Buffers                                                        ; On                 ; On                 ;
; Limit AHDL Integers to 32 Bits                                             ; Off                ; Off                ;
; Optimization Technique                                                     ; Balanced           ; Balanced           ;
; Carry Chain Length                                                         ; 70                 ; 70                 ;
; Auto Carry Chains                                                          ; On                 ; On                 ;
; Auto Open-Drain Pins                                                       ; On                 ; On                 ;
; Perform WYSIWYG Primitive Resynthesis                                      ; Off                ; Off                ;
; Auto ROM Replacement                                                       ; On                 ; On                 ;
; Auto RAM Replacement                                                       ; On                 ; On                 ;
; Auto DSP Block Replacement                                                 ; On                 ; On                 ;
; Auto Shift Register Replacement                                            ; Auto               ; Auto               ;
; Allow Shift Register Merging across Hierarchies                            ; Auto               ; Auto               ;
; Auto Clock Enable Replacement                                              ; On                 ; On                 ;
; Strict RAM Replacement                                                     ; Off                ; Off                ;
; Allow Synchronous Control Signals                                          ; On                 ; On                 ;
; Force Use of Synchronous Clear Signals                                     ; Off                ; Off                ;
; Auto RAM Block Balancing                                                   ; On                 ; On                 ;
; Auto RAM to Logic Cell Conversion                                          ; Off                ; Off                ;
; Auto Resource Sharing                                                      ; Off                ; Off                ;
; Allow Any RAM Size For Recognition                                         ; Off                ; Off                ;
; Allow Any ROM Size For Recognition                                         ; Off                ; Off                ;
; Allow Any Shift Register Size For Recognition                              ; Off                ; Off                ;
; Use LogicLock Constraints during Resource Balancing                        ; On                 ; On                 ;
; Ignore translate_off and synthesis_off directives                          ; Off                ; Off                ;
; Timing-Driven Synthesis                                                    ; Off                ; Off                ;
; Report Parameter Settings                                                  ; On                 ; On                 ;
; Report Source Assignments                                                  ; On                 ; On                 ;
; Report Connectivity Checks                                                 ; On                 ; On                 ;
; Ignore Maximum Fan-Out Assignments                                         ; Off                ; Off                ;
; Synchronization Register Chain Length                                      ; 2                  ; 2                  ;
; PowerPlay Power Optimization                                               ; Normal compilation ; Normal compilation ;
; HDL message level                                                          ; Level2             ; Level2             ;
; Suppress Register Optimization Related Messages                            ; Off                ; Off                ;
; Number of Removed Registers Reported in Synthesis Report                   ; 5000               ; 5000               ;
; Number of Swept Nodes Reported in Synthesis Report                         ; 5000               ; 5000               ;
; Number of Inverted Registers Reported in Synthesis Report                  ; 100                ; 100                ;
; Clock MUX Protection                                                       ; On                 ; On                 ;
; Auto Gated Clock Conversion                                                ; Off                ; Off                ;
; Block Design Naming                                                        ; Auto               ; Auto               ;
; SDC constraint protection                                                  ; Off                ; Off                ;
; Synthesis Effort                                                           ; Auto               ; Auto               ;
; Shift Register Replacement - Allow Asynchronous Clear Signal               ; On                 ; On                 ;
; Pre-Mapping Resynthesis Optimization                                       ; Off                ; Off                ;
; Analysis & Synthesis Message Level                                         ; Medium             ; Medium             ;
; Disable Register Merging Across Hierarchies                                ; Auto               ; Auto               ;
; Resource Aware Inference For Block RAM                                     ; On                 ; On                 ;
; Synthesis Seed                                                             ; 1                  ; 1                  ;
+----------------------------------------------------------------------------+--------------------+--------------------+


+------------------------------------------+
; Parallel Compilation                     ;
+----------------------------+-------------+
; Processors                 ; Number      ;
+----------------------------+-------------+
; Number detected on machine ; 4           ;
; Maximum allowed            ; 4           ;
;                            ;             ;
; Average used               ; 1.00        ;
; Maximum used               ; 1           ;
;                            ;             ;
; Usage by Processor         ; % Time Used ;
;     Processor 1            ; 100.0%      ;
;     Processors 2-4         ;   0.0%      ;
+----------------------------+-------------+


+----------------------------------------------------------------------------------------------------------------------------------------------------------------------------------+
; Analysis & Synthesis Source Files Read                                                                                                                                           ;
+----------------------------------+-----------------+------------------------------+------------------------------------------------------------------------------------+---------+
; File Name with User-Entered Path ; Used in Netlist ; File Type                    ; File Name with Absolute Path                                                       ; Library ;
+----------------------------------+-----------------+------------------------------+------------------------------------------------------------------------------------+---------+
; lcd1602.v                        ; yes             ; User Verilog HDL File        ; C:/Users/Administrator/Desktop/yangguo_DHT11(completed)/lcd1602.v                  ;         ;
; DVF.v                            ; yes             ; User Verilog HDL File        ; C:/Users/Administrator/Desktop/yangguo_DHT11(completed)/DVF.v                      ;         ;
; temp.v                           ; yes             ; User Verilog HDL File        ; C:/Users/Administrator/Desktop/yangguo_DHT11(completed)/temp.v                     ;         ;
; webdu.v                          ; yes             ; User Verilog HDL File        ; C:/Users/Administrator/Desktop/yangguo_DHT11(completed)/webdu.v                    ;         ;
; lpm_divide.tdf                   ; yes             ; Megafunction                 ; d:/1/altera/13.0/quartus/libraries/megafunctions/lpm_divide.tdf                    ;         ;
; abs_divider.inc                  ; yes             ; Megafunction                 ; d:/1/altera/13.0/quartus/libraries/megafunctions/abs_divider.inc                   ;         ;
; sign_div_unsign.inc              ; yes             ; Megafunction                 ; d:/1/altera/13.0/quartus/libraries/megafunctions/sign_div_unsign.inc               ;         ;
; aglobal130.inc                   ; yes             ; Megafunction                 ; d:/1/altera/13.0/quartus/libraries/megafunctions/aglobal130.inc                    ;         ;
; db/lpm_divide_m9m.tdf            ; yes             ; Auto-Generated Megafunction  ; C:/Users/Administrator/Desktop/yangguo_DHT11(completed)/db/lpm_divide_m9m.tdf      ;         ;
; db/sign_div_unsign_bkh.tdf       ; yes             ; Auto-Generated Megafunction  ; C:/Users/Administrator/Desktop/yangguo_DHT11(completed)/db/sign_div_unsign_bkh.tdf ;         ;
; db/alt_u_div_13f.tdf             ; yes             ; Auto-Generated Megafunction  ; C:/Users/Administrator/Desktop/yangguo_DHT11(completed)/db/alt_u_div_13f.tdf       ;         ;
; db/add_sub_unc.tdf               ; yes             ; Auto-Generated Megafunction  ; C:/Users/Administrator/Desktop/yangguo_DHT11(completed)/db/add_sub_unc.tdf         ;         ;
; db/add_sub_vnc.tdf               ; yes             ; Auto-Generated Megafunction  ; C:/Users/Administrator/Desktop/yangguo_DHT11(completed)/db/add_sub_vnc.tdf         ;         ;
; db/lpm_divide_jhm.tdf            ; yes             ; Auto-Generated Megafunction  ; C:/Users/Administrator/Desktop/yangguo_DHT11(completed)/db/lpm_divide_jhm.tdf      ;         ;
+----------------------------------+-----------------+------------------------------+------------------------------------------------------------------------------------+---------+


+--------------------------------------------------------------+
; Analysis & Synthesis Resource Usage Summary                  ;
+---------------------------------------------+----------------+
; Resource                                    ; Usage          ;
+---------------------------------------------+----------------+
; Estimated Total logic elements              ; 785            ;
;                                             ;                ;
; Total combinational functions               ; 713            ;
; Logic element usage by number of LUT inputs ;                ;
;     -- 4 input functions                    ; 167            ;
;     -- 3 input functions                    ; 176            ;
;     -- <=2 input functions                  ; 370            ;
;                                             ;                ;
; Logic elements by mode                      ;                ;
;     -- normal mode                          ; 485            ;
;     -- arithmetic mode                      ; 228            ;
;                                             ;                ;
; Total registers                             ; 184            ;
;     -- Dedicated logic registers            ; 184            ;
;     -- I/O registers                        ; 0              ;
;                                             ;                ;
; I/O pins                                    ; 14             ;
; Embedded Multiplier 9-bit elements          ; 0              ;
; Maximum fan-out node                        ; DVF:dvf|clkout ;
; Maximum fan-out                             ; 126            ;
; Total fan-out                               ; 2525           ;
; Average fan-out                             ; 2.73           ;
+---------------------------------------------+----------------+


+----------------------------------------------------------------------------------------------------------------------------------------------------------------------------------------------------------------------------------------------------------------------------+
; Analysis & Synthesis Resource Utilization by Entity                                                                                                                                                                                                                        ;
+----------------------------------------+-------------------+--------------+-------------+--------------+---------+-----------+------+--------------+--------------------------------------------------------------------------------------------------------+--------------+
; Compilation Hierarchy Node             ; LC Combinationals ; LC Registers ; Memory Bits ; DSP Elements ; DSP 9x9 ; DSP 18x18 ; Pins ; Virtual Pins ; Full Hierarchy Name                                                                                    ; Library Name ;
+----------------------------------------+-------------------+--------------+-------------+--------------+---------+-----------+------+--------------+--------------------------------------------------------------------------------------------------------+--------------+
; |webdu                                 ; 713 (0)           ; 184 (0)      ; 0           ; 0            ; 0       ; 0         ; 14   ; 0            ; |webdu                                                                                                 ;              ;
;    |DVF:dvf|                           ; 12 (12)           ; 9 (9)        ; 0           ; 0            ; 0       ; 0         ; 0    ; 0            ; |webdu|DVF:dvf                                                                                         ;              ;
;    |lcd1602:UU|                        ; 156 (156)         ; 50 (50)      ; 0           ; 0            ; 0       ; 0         ; 0    ; 0            ; |webdu|lcd1602:UU                                                                                      ;              ;
;    |lpm_divide:Div0|                   ; 56 (0)            ; 0 (0)        ; 0           ; 0            ; 0       ; 0         ; 0    ; 0            ; |webdu|lpm_divide:Div0                                                                                 ;              ;
;       |lpm_divide_jhm:auto_generated|  ; 56 (0)            ; 0 (0)        ; 0           ; 0            ; 0       ; 0         ; 0    ; 0            ; |webdu|lpm_divide:Div0|lpm_divide_jhm:auto_generated                                                   ;              ;
;          |sign_div_unsign_bkh:divider| ; 56 (0)            ; 0 (0)        ; 0           ; 0            ; 0       ; 0         ; 0    ; 0            ; |webdu|lpm_divide:Div0|lpm_divide_jhm:auto_generated|sign_div_unsign_bkh:divider                       ;              ;
;             |alt_u_div_13f:divider|    ; 56 (56)           ; 0 (0)        ; 0           ; 0            ; 0       ; 0         ; 0    ; 0            ; |webdu|lpm_divide:Div0|lpm_divide_jhm:auto_generated|sign_div_unsign_bkh:divider|alt_u_div_13f:divider ;              ;
;    |lpm_divide:Div1|                   ; 56 (0)            ; 0 (0)        ; 0           ; 0            ; 0       ; 0         ; 0    ; 0            ; |webdu|lpm_divide:Div1                                                                                 ;              ;
;       |lpm_divide_jhm:auto_generated|  ; 56 (0)            ; 0 (0)        ; 0           ; 0            ; 0       ; 0         ; 0    ; 0            ; |webdu|lpm_divide:Div1|lpm_divide_jhm:auto_generated                                                   ;              ;
;          |sign_div_unsign_bkh:divider| ; 56 (0)            ; 0 (0)        ; 0           ; 0            ; 0       ; 0         ; 0    ; 0            ; |webdu|lpm_divide:Div1|lpm_divide_jhm:auto_generated|sign_div_unsign_bkh:divider                       ;              ;
;             |alt_u_div_13f:divider|    ; 56 (56)           ; 0 (0)        ; 0           ; 0            ; 0       ; 0         ; 0    ; 0            ; |webdu|lpm_divide:Div1|lpm_divide_jhm:auto_generated|sign_div_unsign_bkh:divider|alt_u_div_13f:divider ;              ;
;    |lpm_divide:Div2|                   ; 56 (0)            ; 0 (0)        ; 0           ; 0            ; 0       ; 0         ; 0    ; 0            ; |webdu|lpm_divide:Div2                                                                                 ;              ;
;       |lpm_divide_jhm:auto_generated|  ; 56 (0)            ; 0 (0)        ; 0           ; 0            ; 0       ; 0         ; 0    ; 0            ; |webdu|lpm_divide:Div2|lpm_divide_jhm:auto_generated                                                   ;              ;
;          |sign_div_unsign_bkh:divider| ; 56 (0)            ; 0 (0)        ; 0           ; 0            ; 0       ; 0         ; 0    ; 0            ; |webdu|lpm_divide:Div2|lpm_divide_jhm:auto_generated|sign_div_unsign_bkh:divider                       ;              ;
;             |alt_u_div_13f:divider|    ; 56 (56)           ; 0 (0)        ; 0           ; 0            ; 0       ; 0         ; 0    ; 0            ; |webdu|lpm_divide:Div2|lpm_divide_jhm:auto_generated|sign_div_unsign_bkh:divider|alt_u_div_13f:divider ;              ;
;    |lpm_divide:Div3|                   ; 56 (0)            ; 0 (0)        ; 0           ; 0            ; 0       ; 0         ; 0    ; 0            ; |webdu|lpm_divide:Div3                                                                                 ;              ;
;       |lpm_divide_jhm:auto_generated|  ; 56 (0)            ; 0 (0)        ; 0           ; 0            ; 0       ; 0         ; 0    ; 0            ; |webdu|lpm_divide:Div3|lpm_divide_jhm:auto_generated                                                   ;              ;
;          |sign_div_unsign_bkh:divider| ; 56 (0)            ; 0 (0)        ; 0           ; 0            ; 0       ; 0         ; 0    ; 0            ; |webdu|lpm_divide:Div3|lpm_divide_jhm:auto_generated|sign_div_unsign_bkh:divider                       ;              ;
;             |alt_u_div_13f:divider|    ; 56 (56)           ; 0 (0)        ; 0           ; 0            ; 0       ; 0         ; 0    ; 0            ; |webdu|lpm_divide:Div3|lpm_divide_jhm:auto_generated|sign_div_unsign_bkh:divider|alt_u_div_13f:divider ;              ;
;    |lpm_divide:Mod0|                   ; 59 (0)            ; 0 (0)        ; 0           ; 0            ; 0       ; 0         ; 0    ; 0            ; |webdu|lpm_divide:Mod0                                                                                 ;              ;
;       |lpm_divide_m9m:auto_generated|  ; 59 (0)            ; 0 (0)        ; 0           ; 0            ; 0       ; 0         ; 0    ; 0            ; |webdu|lpm_divide:Mod0|lpm_divide_m9m:auto_generated                                                   ;              ;
;          |sign_div_unsign_bkh:divider| ; 59 (0)            ; 0 (0)        ; 0           ; 0            ; 0       ; 0         ; 0    ; 0            ; |webdu|lpm_divide:Mod0|lpm_divide_m9m:auto_generated|sign_div_unsign_bkh:divider                       ;              ;
;             |alt_u_div_13f:divider|    ; 59 (59)           ; 0 (0)        ; 0           ; 0            ; 0       ; 0         ; 0    ; 0            ; |webdu|lpm_divide:Mod0|lpm_divide_m9m:auto_generated|sign_div_unsign_bkh:divider|alt_u_div_13f:divider ;              ;
;    |lpm_divide:Mod1|                   ; 56 (0)            ; 0 (0)        ; 0           ; 0            ; 0       ; 0         ; 0    ; 0            ; |webdu|lpm_divide:Mod1                                                                                 ;              ;
;       |lpm_divide_m9m:auto_generated|  ; 56 (0)            ; 0 (0)        ; 0           ; 0            ; 0       ; 0         ; 0    ; 0            ; |webdu|lpm_divide:Mod1|lpm_divide_m9m:auto_generated                                                   ;              ;
;          |sign_div_unsign_bkh:divider| ; 56 (0)            ; 0 (0)        ; 0           ; 0            ; 0       ; 0         ; 0    ; 0            ; |webdu|lpm_divide:Mod1|lpm_divide_m9m:auto_generated|sign_div_unsign_bkh:divider                       ;              ;
;             |alt_u_div_13f:divider|    ; 56 (56)           ; 0 (0)        ; 0           ; 0            ; 0       ; 0         ; 0    ; 0            ; |webdu|lpm_divide:Mod1|lpm_divide_m9m:auto_generated|sign_div_unsign_bkh:divider|alt_u_div_13f:divider ;              ;
;    |lpm_divide:Mod2|                   ; 57 (0)            ; 0 (0)        ; 0           ; 0            ; 0       ; 0         ; 0    ; 0            ; |webdu|lpm_divide:Mod2                                                                                 ;              ;
;       |lpm_divide_m9m:auto_generated|  ; 57 (0)            ; 0 (0)        ; 0           ; 0            ; 0       ; 0         ; 0    ; 0            ; |webdu|lpm_divide:Mod2|lpm_divide_m9m:auto_generated                                                   ;              ;
;          |sign_div_unsign_bkh:divider| ; 57 (0)            ; 0 (0)        ; 0           ; 0            ; 0       ; 0         ; 0    ; 0            ; |webdu|lpm_divide:Mod2|lpm_divide_m9m:auto_generated|sign_div_unsign_bkh:divider                       ;              ;
;             |alt_u_div_13f:divider|    ; 57 (57)           ; 0 (0)        ; 0           ; 0            ; 0       ; 0         ; 0    ; 0            ; |webdu|lpm_divide:Mod2|lpm_divide_m9m:auto_generated|sign_div_unsign_bkh:divider|alt_u_div_13f:divider ;              ;
;    |lpm_divide:Mod3|                   ; 57 (0)            ; 0 (0)        ; 0           ; 0            ; 0       ; 0         ; 0    ; 0            ; |webdu|lpm_divide:Mod3                                                                                 ;              ;
;       |lpm_divide_m9m:auto_generated|  ; 57 (0)            ; 0 (0)        ; 0           ; 0            ; 0       ; 0         ; 0    ; 0            ; |webdu|lpm_divide:Mod3|lpm_divide_m9m:auto_generated                                                   ;              ;
;          |sign_div_unsign_bkh:divider| ; 57 (0)            ; 0 (0)        ; 0           ; 0            ; 0       ; 0         ; 0    ; 0            ; |webdu|lpm_divide:Mod3|lpm_divide_m9m:auto_generated|sign_div_unsign_bkh:divider                       ;              ;
;             |alt_u_div_13f:divider|    ; 57 (57)           ; 0 (0)        ; 0           ; 0            ; 0       ; 0         ; 0    ; 0            ; |webdu|lpm_divide:Mod3|lpm_divide_m9m:auto_generated|sign_div_unsign_bkh:divider|alt_u_div_13f:divider ;              ;
;    |temp:Temp|                         ; 92 (92)           ; 125 (125)    ; 0           ; 0            ; 0       ; 0         ; 0    ; 0            ; |webdu|temp:Temp                                                                                       ;              ;
+----------------------------------------+-------------------+--------------+-------------+--------------+---------+-----------+------+--------------+--------------------------------------------------------------------------------------------------------+--------------+
Note: For table entries with two numbers listed, the numbers in parentheses indicate the number of resources of the given type used by the specific entity alone. The numbers listed outside of parentheses indicate the total resources of the given type used by the specific entity and all of its sub-entities in the hierarchy.


Encoding Type:  One-Hot
+--------------------------------------------------------------------------------------------------------------------------------------------------------------------------------------------------------------------+
; State Machine - |webdu|temp:Temp|state                                                                                                                                                                             ;
+---------------+---------------+---------------+---------------+--------------+--------------+--------------+--------------+--------------+--------------+--------------+--------------+--------------+-------------+
; Name          ; state.state12 ; state.state11 ; state.state10 ; state.state9 ; state.state8 ; state.state7 ; state.state6 ; state.state5 ; state.state4 ; state.state3 ; state.state2 ; state.state1 ; state.00000 ;
+---------------+---------------+---------------+---------------+--------------+--------------+--------------+--------------+--------------+--------------+--------------+--------------+--------------+-------------+
; state.00000   ; 0             ; 0             ; 0             ; 0            ; 0            ; 0            ; 0            ; 0            ; 0            ; 0            ; 0            ; 0            ; 0           ;
; state.state1  ; 0             ; 0             ; 0             ; 0            ; 0            ; 0            ; 0            ; 0            ; 0            ; 0            ; 0            ; 1            ; 1           ;
; state.state2  ; 0             ; 0             ; 0             ; 0            ; 0            ; 0            ; 0            ; 0            ; 0            ; 0            ; 1            ; 0            ; 1           ;
; state.state3  ; 0             ; 0             ; 0             ; 0            ; 0            ; 0            ; 0            ; 0            ; 0            ; 1            ; 0            ; 0            ; 1           ;
; state.state4  ; 0             ; 0             ; 0             ; 0            ; 0            ; 0            ; 0            ; 0            ; 1            ; 0            ; 0            ; 0            ; 1           ;
; state.state5  ; 0             ; 0             ; 0             ; 0            ; 0            ; 0            ; 0            ; 1            ; 0            ; 0            ; 0            ; 0            ; 1           ;
; state.state6  ; 0             ; 0             ; 0             ; 0            ; 0            ; 0            ; 1            ; 0            ; 0            ; 0            ; 0            ; 0            ; 1           ;
; state.state7  ; 0             ; 0             ; 0             ; 0            ; 0            ; 1            ; 0            ; 0            ; 0            ; 0            ; 0            ; 0            ; 1           ;
; state.state8  ; 0             ; 0             ; 0             ; 0            ; 1            ; 0            ; 0            ; 0            ; 0            ; 0            ; 0            ; 0            ; 1           ;
; state.state9  ; 0             ; 0             ; 0             ; 1            ; 0            ; 0            ; 0            ; 0            ; 0            ; 0            ; 0            ; 0            ; 1           ;
; state.state10 ; 0             ; 0             ; 1             ; 0            ; 0            ; 0            ; 0            ; 0            ; 0            ; 0            ; 0            ; 0            ; 1           ;
; state.state11 ; 0             ; 1             ; 0             ; 0            ; 0            ; 0            ; 0            ; 0            ; 0            ; 0            ; 0            ; 0            ; 1           ;
; state.state12 ; 1             ; 0             ; 0             ; 0            ; 0            ; 0            ; 0            ; 0            ; 0            ; 0            ; 0            ; 0            ; 1           ;
+---------------+---------------+---------------+---------------+--------------+--------------+--------------+--------------+--------------+--------------+--------------+--------------+--------------+-------------+


+---------------------------------------------------------------------------------+
; Registers Removed During Synthesis                                              ;
+----------------------------------------+----------------------------------------+
; Register name                          ; Reason for Removal                     ;
+----------------------------------------+----------------------------------------+
; lcd1602:UU|state1[7..11]               ; Stuck at GND due to stuck port data_in ;
; temp:Temp|state~17                     ; Lost fanout                            ;
; temp:Temp|state~18                     ; Lost fanout                            ;
; temp:Temp|state~19                     ; Lost fanout                            ;
; temp:Temp|state~20                     ; Lost fanout                            ;
; temp:Temp|state~21                     ; Lost fanout                            ;
; Total Number of Removed Registers = 10 ;                                        ;
+----------------------------------------+----------------------------------------+


+------------------------------------------------------+
; General Register Statistics                          ;
+----------------------------------------------+-------+
; Statistic                                    ; Value ;
+----------------------------------------------+-------+
; Total registers                              ; 184   ;
; Number of registers using Synchronous Clear  ; 48    ;
; Number of registers using Synchronous Load   ; 0     ;
; Number of registers using Asynchronous Clear ; 103   ;
; Number of registers using Asynchronous Load  ; 0     ;
; Number of registers using Clock Enable       ; 127   ;
; Number of registers using Preset             ; 0     ;
+----------------------------------------------+-------+


+---------------------------------------------------------------------------------------------------------------------------------------------+
; Multiplexer Restructuring Statistics (Restructuring Performed)                                                                              ;
+--------------------+-----------+---------------+----------------------+------------------------+------------+-------------------------------+
; Multiplexer Inputs ; Bus Width ; Baseline Area ; Area if Restructured ; Saving if Restructured ; Registered ; Example Multiplexer Output    ;
+--------------------+-----------+---------------+----------------------+------------------------+------------+-------------------------------+
; 4:1                ; 6 bits    ; 12 LEs        ; 6 LEs                ; 6 LEs                  ; Yes        ; |webdu|temp:Temp|rec[0]       ;
; 65:1               ; 4 bits    ; 172 LEs       ; 64 LEs               ; 108 LEs                ; Yes        ; |webdu|lcd1602:UU|lcd_data[4] ;
; 65:1               ; 4 bits    ; 172 LEs       ; 52 LEs               ; 120 LEs                ; Yes        ; |webdu|lcd1602:UU|lcd_data[0] ;
; 9:1                ; 32 bits   ; 192 LEs       ; 32 LEs               ; 160 LEs                ; Yes        ; |webdu|temp:Temp|counter[31]  ;
; 9:1                ; 2 bits    ; 12 LEs        ; 6 LEs                ; 6 LEs                  ; No         ; |webdu|temp:Temp|Selector34   ;
+--------------------+-----------+---------------+----------------------+------------------------+------------+-------------------------------+


+------------------------------------------------------+
; Parameter Settings for User Entity Instance: DVF:dvf ;
+----------------+-------+-----------------------------+
; Parameter Name ; Value ; Type                        ;
+----------------+-------+-----------------------------+
; divd           ; 25    ; Signed Integer              ;
+----------------+-------+-----------------------------+
Note: In order to hide this table in the UI and the text report file, please set the "Show Parameter Settings in Synthesis Report" option in "Analysis and Synthesis Settings -> More Settings" to "Off".


+--------------------------------------------------------+
; Parameter Settings for User Entity Instance: temp:Temp ;
+----------------+-------+-------------------------------+
; Parameter Name ; Value ; Type                          ;
+----------------+-------+-------------------------------+
; state0         ; 0     ; Signed Integer                ;
; state1         ; 1     ; Signed Integer                ;
; state2         ; 2     ; Signed Integer                ;
; state3         ; 3     ; Signed Integer                ;
; state4         ; 4     ; Signed Integer                ;
; state5         ; 5     ; Signed Integer                ;
; state6         ; 6     ; Signed Integer                ;
; state7         ; 7     ; Signed Integer                ;
; state8         ; 8     ; Signed Integer                ;
; state9         ; 9     ; Signed Integer                ;
; state10        ; 10    ; Signed Integer                ;
; state11        ; 11    ; Signed Integer                ;
; state12        ; 12    ; Signed Integer                ;
+----------------+-------+-------------------------------+
Note: In order to hide this table in the UI and the text report file, please set the "Show Parameter Settings in Synthesis Report" option in "Analysis and Synthesis Settings -> More Settings" to "Off".


+---------------------------------------------------------+
; Parameter Settings for User Entity Instance: lcd1602:UU ;
+----------------+----------+-----------------------------+
; Parameter Name ; Value    ; Type                        ;
+----------------+----------+-----------------------------+
; Mode_Set       ; 00111000 ; Unsigned Binary             ;
; Cursor_Set     ; 00001100 ; Unsigned Binary             ;
; Address_Set    ; 00000110 ; Unsigned Binary             ;
; Clear_Set      ; 00000001 ; Unsigned Binary             ;
+----------------+----------+-----------------------------+
Note: In order to hide this table in the UI and the text report file, please set the "Show Parameter Settings in Synthesis Report" option in "Analysis and Synthesis Settings -> More Settings" to "Off".


+------------------------------------------------------------------+
; Parameter Settings for Inferred Entity Instance: lpm_divide:Mod0 ;
+------------------------+----------------+------------------------+
; Parameter Name         ; Value          ; Type                   ;
+------------------------+----------------+------------------------+
; LPM_WIDTHN             ; 8              ; Untyped                ;
; LPM_WIDTHD             ; 4              ; Untyped                ;
; LPM_NREPRESENTATION    ; UNSIGNED       ; Untyped                ;
; LPM_DREPRESENTATION    ; UNSIGNED       ; Untyped                ;
; LPM_PIPELINE           ; 0              ; Untyped                ;
; LPM_REMAINDERPOSITIVE  ; TRUE           ; Untyped                ;
; MAXIMIZE_SPEED         ; 5              ; Untyped                ;
; CBXI_PARAMETER         ; lpm_divide_m9m ; Untyped                ;
; CARRY_CHAIN            ; MANUAL         ; Untyped                ;
; OPTIMIZE_FOR_SPEED     ; 5              ; Untyped                ;
; AUTO_CARRY_CHAINS      ; ON             ; AUTO_CARRY             ;
; IGNORE_CARRY_BUFFERS   ; OFF            ; IGNORE_CARRY           ;
; AUTO_CASCADE_CHAINS    ; ON             ; AUTO_CASCADE           ;
; IGNORE_CASCADE_BUFFERS ; OFF            ; IGNORE_CASCADE         ;
+------------------------+----------------+------------------------+
Note: In order to hide this table in the UI and the text report file, please set the "Show Parameter Settings in Synthesis Report" option in "Analysis and Synthesis Settings -> More Settings" to "Off".


+------------------------------------------------------------------+
; Parameter Settings for Inferred Entity Instance: lpm_divide:Mod1 ;
+------------------------+----------------+------------------------+
; Parameter Name         ; Value          ; Type                   ;
+------------------------+----------------+------------------------+
; LPM_WIDTHN             ; 8              ; Untyped                ;
; LPM_WIDTHD             ; 4              ; Untyped                ;
; LPM_NREPRESENTATION    ; UNSIGNED       ; Untyped                ;
; LPM_DREPRESENTATION    ; UNSIGNED       ; Untyped                ;
; LPM_PIPELINE           ; 0              ; Untyped                ;
; LPM_REMAINDERPOSITIVE  ; TRUE           ; Untyped                ;
; MAXIMIZE_SPEED         ; 5              ; Untyped                ;
; CBXI_PARAMETER         ; lpm_divide_m9m ; Untyped                ;
; CARRY_CHAIN            ; MANUAL         ; Untyped                ;
; OPTIMIZE_FOR_SPEED     ; 5              ; Untyped                ;
; AUTO_CARRY_CHAINS      ; ON             ; AUTO_CARRY             ;
; IGNORE_CARRY_BUFFERS   ; OFF            ; IGNORE_CARRY           ;
; AUTO_CASCADE_CHAINS    ; ON             ; AUTO_CASCADE           ;
; IGNORE_CASCADE_BUFFERS ; OFF            ; IGNORE_CASCADE         ;
+------------------------+----------------+------------------------+
Note: In order to hide this table in the UI and the text report file, please set the "Show Parameter Settings in Synthesis Report" option in "Analysis and Synthesis Settings -> More Settings" to "Off".


+------------------------------------------------------------------+
; Parameter Settings for Inferred Entity Instance: lpm_divide:Div1 ;
+------------------------+----------------+------------------------+
; Parameter Name         ; Value          ; Type                   ;
+------------------------+----------------+------------------------+
; LPM_WIDTHN             ; 8              ; Untyped                ;
; LPM_WIDTHD             ; 4              ; Untyped                ;
; LPM_NREPRESENTATION    ; UNSIGNED       ; Untyped                ;
; LPM_DREPRESENTATION    ; UNSIGNED       ; Untyped                ;
; LPM_PIPELINE           ; 0              ; Untyped                ;
; LPM_REMAINDERPOSITIVE  ; TRUE           ; Untyped                ;
; MAXIMIZE_SPEED         ; 5              ; Untyped                ;
; CBXI_PARAMETER         ; lpm_divide_jhm ; Untyped                ;
; CARRY_CHAIN            ; MANUAL         ; Untyped                ;
; OPTIMIZE_FOR_SPEED     ; 5              ; Untyped                ;
; AUTO_CARRY_CHAINS      ; ON             ; AUTO_CARRY             ;
; IGNORE_CARRY_BUFFERS   ; OFF            ; IGNORE_CARRY           ;
; AUTO_CASCADE_CHAINS    ; ON             ; AUTO_CASCADE           ;
; IGNORE_CASCADE_BUFFERS ; OFF            ; IGNORE_CASCADE         ;
+------------------------+----------------+------------------------+
Note: In order to hide this table in the UI and the text report file, please set the "Show Parameter Settings in Synthesis Report" option in "Analysis and Synthesis Settings -> More Settings" to "Off".


+------------------------------------------------------------------+
; Parameter Settings for Inferred Entity Instance: lpm_divide:Div3 ;
+------------------------+----------------+------------------------+
; Parameter Name         ; Value          ; Type                   ;
+------------------------+----------------+------------------------+
; LPM_WIDTHN             ; 8              ; Untyped                ;
; LPM_WIDTHD             ; 4              ; Untyped                ;
; LPM_NREPRESENTATION    ; UNSIGNED       ; Untyped                ;
; LPM_DREPRESENTATION    ; UNSIGNED       ; Untyped                ;
; LPM_PIPELINE           ; 0              ; Untyped                ;
; LPM_REMAINDERPOSITIVE  ; TRUE           ; Untyped                ;
; MAXIMIZE_SPEED         ; 5              ; Untyped                ;
; CBXI_PARAMETER         ; lpm_divide_jhm ; Untyped                ;
; CARRY_CHAIN            ; MANUAL         ; Untyped                ;
; OPTIMIZE_FOR_SPEED     ; 5              ; Untyped                ;
; AUTO_CARRY_CHAINS      ; ON             ; AUTO_CARRY             ;
; IGNORE_CARRY_BUFFERS   ; OFF            ; IGNORE_CARRY           ;
; AUTO_CASCADE_CHAINS    ; ON             ; AUTO_CASCADE           ;
; IGNORE_CASCADE_BUFFERS ; OFF            ; IGNORE_CASCADE         ;
+------------------------+----------------+------------------------+
Note: In order to hide this table in the UI and the text report file, please set the "Show Parameter Settings in Synthesis Report" option in "Analysis and Synthesis Settings -> More Settings" to "Off".


+------------------------------------------------------------------+
; Parameter Settings for Inferred Entity Instance: lpm_divide:Mod2 ;
+------------------------+----------------+------------------------+
; Parameter Name         ; Value          ; Type                   ;
+------------------------+----------------+------------------------+
; LPM_WIDTHN             ; 8              ; Untyped                ;
; LPM_WIDTHD             ; 4              ; Untyped                ;
; LPM_NREPRESENTATION    ; UNSIGNED       ; Untyped                ;
; LPM_DREPRESENTATION    ; UNSIGNED       ; Untyped                ;
; LPM_PIPELINE           ; 0              ; Untyped                ;
; LPM_REMAINDERPOSITIVE  ; TRUE           ; Untyped                ;
; MAXIMIZE_SPEED         ; 5              ; Untyped                ;
; CBXI_PARAMETER         ; lpm_divide_m9m ; Untyped                ;
; CARRY_CHAIN            ; MANUAL         ; Untyped                ;
; OPTIMIZE_FOR_SPEED     ; 5              ; Untyped                ;
; AUTO_CARRY_CHAINS      ; ON             ; AUTO_CARRY             ;
; IGNORE_CARRY_BUFFERS   ; OFF            ; IGNORE_CARRY           ;
; AUTO_CASCADE_CHAINS    ; ON             ; AUTO_CASCADE           ;
; IGNORE_CASCADE_BUFFERS ; OFF            ; IGNORE_CASCADE         ;
+------------------------+----------------+------------------------+
Note: In order to hide this table in the UI and the text report file, please set the "Show Parameter Settings in Synthesis Report" option in "Analysis and Synthesis Settings -> More Settings" to "Off".


+------------------------------------------------------------------+
; Parameter Settings for Inferred Entity Instance: lpm_divide:Div2 ;
+------------------------+----------------+------------------------+
; Parameter Name         ; Value          ; Type                   ;
+------------------------+----------------+------------------------+
; LPM_WIDTHN             ; 8              ; Untyped                ;
; LPM_WIDTHD             ; 4              ; Untyped                ;
; LPM_NREPRESENTATION    ; UNSIGNED       ; Untyped                ;
; LPM_DREPRESENTATION    ; UNSIGNED       ; Untyped                ;
; LPM_PIPELINE           ; 0              ; Untyped                ;
; LPM_REMAINDERPOSITIVE  ; TRUE           ; Untyped                ;
; MAXIMIZE_SPEED         ; 5              ; Untyped                ;
; CBXI_PARAMETER         ; lpm_divide_jhm ; Untyped                ;
; CARRY_CHAIN            ; MANUAL         ; Untyped                ;
; OPTIMIZE_FOR_SPEED     ; 5              ; Untyped                ;
; AUTO_CARRY_CHAINS      ; ON             ; AUTO_CARRY             ;
; IGNORE_CARRY_BUFFERS   ; OFF            ; IGNORE_CARRY           ;
; AUTO_CASCADE_CHAINS    ; ON             ; AUTO_CASCADE           ;
; IGNORE_CASCADE_BUFFERS ; OFF            ; IGNORE_CASCADE         ;
+------------------------+----------------+------------------------+
Note: In order to hide this table in the UI and the text report file, please set the "Show Parameter Settings in Synthesis Report" option in "Analysis and Synthesis Settings -> More Settings" to "Off".


+------------------------------------------------------------------+
; Parameter Settings for Inferred Entity Instance: lpm_divide:Mod3 ;
+------------------------+----------------+------------------------+
; Parameter Name         ; Value          ; Type                   ;
+------------------------+----------------+------------------------+
; LPM_WIDTHN             ; 8              ; Untyped                ;
; LPM_WIDTHD             ; 4              ; Untyped                ;
; LPM_NREPRESENTATION    ; UNSIGNED       ; Untyped                ;
; LPM_DREPRESENTATION    ; UNSIGNED       ; Untyped                ;
; LPM_PIPELINE           ; 0              ; Untyped                ;
; LPM_REMAINDERPOSITIVE  ; TRUE           ; Untyped                ;
; MAXIMIZE_SPEED         ; 5              ; Untyped                ;
; CBXI_PARAMETER         ; lpm_divide_m9m ; Untyped                ;
; CARRY_CHAIN            ; MANUAL         ; Untyped                ;
; OPTIMIZE_FOR_SPEED     ; 5              ; Untyped                ;
; AUTO_CARRY_CHAINS      ; ON             ; AUTO_CARRY             ;
; IGNORE_CARRY_BUFFERS   ; OFF            ; IGNORE_CARRY           ;
; AUTO_CASCADE_CHAINS    ; ON             ; AUTO_CASCADE           ;
; IGNORE_CASCADE_BUFFERS ; OFF            ; IGNORE_CASCADE         ;
+------------------------+----------------+------------------------+
Note: In order to hide this table in the UI and the text report file, please set the "Show Parameter Settings in Synthesis Report" option in "Analysis and Synthesis Settings -> More Settings" to "Off".


+------------------------------------------------------------------+
; Parameter Settings for Inferred Entity Instance: lpm_divide:Div0 ;
+------------------------+----------------+------------------------+
; Parameter Name         ; Value          ; Type                   ;
+------------------------+----------------+------------------------+
; LPM_WIDTHN             ; 8              ; Untyped                ;
; LPM_WIDTHD             ; 4              ; Untyped                ;
; LPM_NREPRESENTATION    ; UNSIGNED       ; Untyped                ;
; LPM_DREPRESENTATION    ; UNSIGNED       ; Untyped                ;
; LPM_PIPELINE           ; 0              ; Untyped                ;
; LPM_REMAINDERPOSITIVE  ; TRUE           ; Untyped                ;
; MAXIMIZE_SPEED         ; 5              ; Untyped                ;
; CBXI_PARAMETER         ; lpm_divide_jhm ; Untyped                ;
; CARRY_CHAIN            ; MANUAL         ; Untyped                ;
; OPTIMIZE_FOR_SPEED     ; 5              ; Untyped                ;
; AUTO_CARRY_CHAINS      ; ON             ; AUTO_CARRY             ;
; IGNORE_CARRY_BUFFERS   ; OFF            ; IGNORE_CARRY           ;
; AUTO_CASCADE_CHAINS    ; ON             ; AUTO_CASCADE           ;
; IGNORE_CASCADE_BUFFERS ; OFF            ; IGNORE_CASCADE         ;
+------------------------+----------------+------------------------+
Note: In order to hide this table in the UI and the text report file, please set the "Show Parameter Settings in Synthesis Report" option in "Analysis and Synthesis Settings -> More Settings" to "Off".


+----------------------------------------------------------------------------------------------------------------------------------------------------------------------------------------------------------------------+
; Port Connectivity Checks: "lcd1602:UU"                                                                                                                                                                               ;
+--------------+-------+----------+------------------------------------------------------------------------------------------------------------------------------------------------------------------------------------+
; Port         ; Type  ; Severity ; Details                                                                                                                                                                            ;
+--------------+-------+----------+------------------------------------------------------------------------------------------------------------------------------------------------------------------------------------+
; data0[1..0]  ; Input ; Info     ; Stuck at GND                                                                                                                                                                       ;
; data0[7]     ; Input ; Info     ; Stuck at GND                                                                                                                                                                       ;
; data0[6]     ; Input ; Info     ; Stuck at VCC                                                                                                                                                                       ;
; data0[5]     ; Input ; Info     ; Stuck at GND                                                                                                                                                                       ;
; data0[4]     ; Input ; Info     ; Stuck at VCC                                                                                                                                                                       ;
; data0[3]     ; Input ; Info     ; Stuck at GND                                                                                                                                                                       ;
; data0[2]     ; Input ; Info     ; Stuck at VCC                                                                                                                                                                       ;
; data1[5..3]  ; Input ; Info     ; Stuck at VCC                                                                                                                                                                       ;
; data1[7..6]  ; Input ; Info     ; Stuck at GND                                                                                                                                                                       ;
; data1[2]     ; Input ; Info     ; Stuck at GND                                                                                                                                                                       ;
; data1[1]     ; Input ; Info     ; Stuck at VCC                                                                                                                                                                       ;
; data1[0]     ; Input ; Info     ; Stuck at GND                                                                                                                                                                       ;
; data2        ; Input ; Warning  ; Input port expression (32 bits) is wider than the input port (8 bits) it drives.  The 24 most-significant bit(s) in the expression will be dangling if they have no other fanouts. ;
; data3        ; Input ; Warning  ; Input port expression (32 bits) is wider than the input port (8 bits) it drives.  The 24 most-significant bit(s) in the expression will be dangling if they have no other fanouts. ;
; data3[5..4]  ; Input ; Info     ; Stuck at VCC                                                                                                                                                                       ;
; data3[7..6]  ; Input ; Info     ; Stuck at GND                                                                                                                                                                       ;
; data4        ; Input ; Warning  ; Input port expression (32 bits) is wider than the input port (8 bits) it drives.  The 24 most-significant bit(s) in the expression will be dangling if they have no other fanouts. ;
; data5        ; Input ; Warning  ; Input port expression (32 bits) is wider than the input port (8 bits) it drives.  The 24 most-significant bit(s) in the expression will be dangling if they have no other fanouts. ;
; data5[5..4]  ; Input ; Info     ; Stuck at VCC                                                                                                                                                                       ;
; data5[7..6]  ; Input ; Info     ; Stuck at GND                                                                                                                                                                       ;
; data6[7..6]  ; Input ; Info     ; Stuck at GND                                                                                                                                                                       ;
; data6[4..0]  ; Input ; Info     ; Stuck at GND                                                                                                                                                                       ;
; data6[5]     ; Input ; Info     ; Stuck at VCC                                                                                                                                                                       ;
; data7[5..4]  ; Input ; Info     ; Stuck at VCC                                                                                                                                                                       ;
; data7[7..6]  ; Input ; Info     ; Stuck at GND                                                                                                                                                                       ;
; data7[3..1]  ; Input ; Info     ; Stuck at GND                                                                                                                                                                       ;
; data8[7..6]  ; Input ; Info     ; Stuck at GND                                                                                                                                                                       ;
; data8[4..0]  ; Input ; Info     ; Stuck at GND                                                                                                                                                                       ;
; data8[5]     ; Input ; Info     ; Stuck at VCC                                                                                                                                                                       ;
; data9[7..6]  ; Input ; Info     ; Stuck at GND                                                                                                                                                                       ;
; data9[4..0]  ; Input ; Info     ; Stuck at GND                                                                                                                                                                       ;
; data9[5]     ; Input ; Info     ; Stuck at VCC                                                                                                                                                                       ;
; data10[7..6] ; Input ; Info     ; Stuck at GND                                                                                                                                                                       ;
; data10[4..0] ; Input ; Info     ; Stuck at GND                                                                                                                                                                       ;
; data10[5]    ; Input ; Info     ; Stuck at VCC                                                                                                                                                                       ;
; data11[7..6] ; Input ; Info     ; Stuck at GND                                                                                                                                                                       ;
; data11[4..0] ; Input ; Info     ; Stuck at GND                                                                                                                                                                       ;
; data11[5]    ; Input ; Info     ; Stuck at VCC                                                                                                                                                                       ;
; data12[7..6] ; Input ; Info     ; Stuck at GND                                                                                                                                                                       ;
; data12[4..0] ; Input ; Info     ; Stuck at GND                                                                                                                                                                       ;
; data12[5]    ; Input ; Info     ; Stuck at VCC                                                                                                                                                                       ;
; data13[7..6] ; Input ; Info     ; Stuck at GND                                                                                                                                                                       ;
; data13[4..0] ; Input ; Info     ; Stuck at GND                                                                                                                                                                       ;
; data13[5]    ; Input ; Info     ; Stuck at VCC                                                                                                                                                                       ;
; data14[7..6] ; Input ; Info     ; Stuck at GND                                                                                                                                                                       ;
; data14[4..0] ; Input ; Info     ; Stuck at GND                                                                                                                                                                       ;
; data14[5]    ; Input ; Info     ; Stuck at VCC                                                                                                                                                                       ;
; data15[7..6] ; Input ; Info     ; Stuck at GND                                                                                                                                                                       ;
; data15[4..0] ; Input ; Info     ; Stuck at GND                                                                                                                                                                       ;
; data15[5]    ; Input ; Info     ; Stuck at VCC                                                                                                                                                                       ;
; data16[1..0] ; Input ; Info     ; Stuck at VCC                                                                                                                                                                       ;
; data16[3..2] ; Input ; Info     ; Stuck at GND                                                                                                                                                                       ;
; data16[7]    ; Input ; Info     ; Stuck at GND                                                                                                                                                                       ;
; data16[6]    ; Input ; Info     ; Stuck at VCC                                                                                                                                                                       ;
; data16[5]    ; Input ; Info     ; Stuck at GND                                                                                                                                                                       ;
; data16[4]    ; Input ; Info     ; Stuck at VCC                                                                                                                                                                       ;
; data17[5..3] ; Input ; Info     ; Stuck at VCC                                                                                                                                                                       ;
; data17[7..6] ; Input ; Info     ; Stuck at GND                                                                                                                                                                       ;
; data17[2]    ; Input ; Info     ; Stuck at GND                                                                                                                                                                       ;
; data17[1]    ; Input ; Info     ; Stuck at VCC                                                                                                                                                                       ;
; data17[0]    ; Input ; Info     ; Stuck at GND                                                                                                                                                                       ;
; data18       ; Input ; Warning  ; Input port expression (32 bits) is wider than the input port (8 bits) it drives.  The 24 most-significant bit(s) in the expression will be dangling if they have no other fanouts. ;
; data19       ; Input ; Warning  ; Input port expression (32 bits) is wider than the input port (8 bits) it drives.  The 24 most-significant bit(s) in the expression will be dangling if they have no other fanouts. ;
; data19[5..4] ; Input ; Info     ; Stuck at VCC                                                                                                                                                                       ;
; data19[7..6] ; Input ; Info     ; Stuck at GND                                                                                                                                                                       ;
; data20       ; Input ; Warning  ; Input port expression (32 bits) is wider than the input port (8 bits) it drives.  The 24 most-significant bit(s) in the expression will be dangling if they have no other fanouts. ;
; data21       ; Input ; Warning  ; Input port expression (32 bits) is wider than the input port (8 bits) it drives.  The 24 most-significant bit(s) in the expression will be dangling if they have no other fanouts. ;
; data21[5..4] ; Input ; Info     ; Stuck at VCC                                                                                                                                                                       ;
; data21[7..6] ; Input ; Info     ; Stuck at GND                                                                                                                                                                       ;
; data22[7..6] ; Input ; Info     ; Stuck at GND                                                                                                                                                                       ;
; data22[4..0] ; Input ; Info     ; Stuck at GND                                                                                                                                                                       ;
; data22[5]    ; Input ; Info     ; Stuck at VCC                                                                                                                                                                       ;
; data23[7..6] ; Input ; Info     ; Stuck at GND                                                                                                                                                                       ;
; data23[4..0] ; Input ; Info     ; Stuck at GND                                                                                                                                                                       ;
; data23[5]    ; Input ; Info     ; Stuck at VCC                                                                                                                                                                       ;
; data24[7..6] ; Input ; Info     ; Stuck at GND                                                                                                                                                                       ;
; data24[4..0] ; Input ; Info     ; Stuck at GND                                                                                                                                                                       ;
; data24[5]    ; Input ; Info     ; Stuck at VCC                                                                                                                                                                       ;
; data25[7..6] ; Input ; Info     ; Stuck at GND                                                                                                                                                                       ;
; data25[4..0] ; Input ; Info     ; Stuck at GND                                                                                                                                                                       ;
; data25[5]    ; Input ; Info     ; Stuck at VCC                                                                                                                                                                       ;
; data26[7..6] ; Input ; Info     ; Stuck at GND                                                                                                                                                                       ;
; data26[4..0] ; Input ; Info     ; Stuck at GND                                                                                                                                                                       ;
; data26[5]    ; Input ; Info     ; Stuck at VCC                                                                                                                                                                       ;
; data27[7..6] ; Input ; Info     ; Stuck at GND                                                                                                                                                                       ;
; data27[4..0] ; Input ; Info     ; Stuck at GND                                                                                                                                                                       ;
; data27[5]    ; Input ; Info     ; Stuck at VCC                                                                                                                                                                       ;
; data28[7..6] ; Input ; Info     ; Stuck at GND                                                                                                                                                                       ;
; data28[4..0] ; Input ; Info     ; Stuck at GND                                                                                                                                                                       ;
; data28[5]    ; Input ; Info     ; Stuck at VCC                                                                                                                                                                       ;
; data29[7..6] ; Input ; Info     ; Stuck at GND                                                                                                                                                                       ;
; data29[4..0] ; Input ; Info     ; Stuck at GND                                                                                                                                                                       ;
; data29[5]    ; Input ; Info     ; Stuck at VCC                                                                                                                                                                       ;
; data30[7..6] ; Input ; Info     ; Stuck at GND                                                                                                                                                                       ;
; data30[4..0] ; Input ; Info     ; Stuck at GND                                                                                                                                                                       ;
; data30[5]    ; Input ; Info     ; Stuck at VCC                                                                                                                                                                       ;
; data31[7..6] ; Input ; Info     ; Stuck at GND                                                                                                                                                                       ;
; data31[4..0] ; Input ; Info     ; Stuck at GND                                                                                                                                                                       ;
; data31[5]    ; Input ; Info     ; Stuck at VCC                                                                                                                                                                       ;
+--------------+-------+----------+------------------------------------------------------------------------------------------------------------------------------------------------------------------------------------+


+-------------------------------------------------------------------------------------------------------------------------+
; Port Connectivity Checks: "temp:Temp"                                                                                   ;
+---------------+--------+----------+-------------------------------------------------------------------------------------+
; Port          ; Type   ; Severity ; Details                                                                             ;
+---------------+--------+----------+-------------------------------------------------------------------------------------+
; data1[31..24] ; Output ; Info     ; Connected to dangling logic. Logic that only feeds a dangling port will be removed. ;
+---------------+--------+----------+-------------------------------------------------------------------------------------+


+-------------------------------+
; Elapsed Time Per Partition    ;
+----------------+--------------+
; Partition Name ; Elapsed Time ;
+----------------+--------------+
; Top            ; 00:00:02     ;
+----------------+--------------+


+-------------------------------+
; Analysis & Synthesis Messages ;
+-------------------------------+
Info: *******************************************************************
Info: Running Quartus II 64-Bit Analysis & Synthesis
    Info: Version 13.0.0 Build 156 04/24/2013 SJ Web Edition
    Info: Processing started: Fri Nov 30 15:23:10 2018
Info: Command: quartus_map --read_settings_files=on --write_settings_files=off webdu -c webdu
Info (20030): Parallel compilation is enabled and will use 4 of the 4 processors detected
Info (12021): Found 1 design units, including 1 entities, in source file lcd1602.v
    Info (12023): Found entity 1: lcd1602
Info (12021): Found 1 design units, including 1 entities, in source file dvf.v
    Info (12023): Found entity 1: DVF
Info (12021): Found 1 design units, including 1 entities, in source file temp.v
    Info (12023): Found entity 1: temp
Info (12021): Found 1 design units, including 1 entities, in source file webdu.v
    Info (12023): Found entity 1: webdu
Info (12021): Found 0 design units, including 0 entities, in source file temp_tb.v
Warning (10227): Verilog HDL Port Declaration warning at temp.v(11): data type declaration for "data1" declares packed dimensions but the port declaration declaration does not
Info (10499): HDL info at temp.v(4): see declaration for object "data1"
Info (12127): Elaborating entity "webdu" for the top level hierarchy
Info (12128): Elaborating entity "DVF" for hierarchy "DVF:dvf"
Info (12128): Elaborating entity "temp" for hierarchy "temp:Temp"
Warning (10036): Verilog HDL or VHDL warning at temp.v(10): object "read_begin" assigned a value but never read
Warning (10036): Verilog HDL or VHDL warning at temp.v(12): object "read_done" assigned a value but never read
Warning (10230): Verilog HDL assignment warning at temp.v(160): truncated value with size 32 to match size of target (6)
Warning (10034): Output port "read_flag" at temp.v(5) has no driver
Info (12128): Elaborating entity "lcd1602" for hierarchy "lcd1602:UU"
Info (278001): Inferred 8 megafunctions from design logic
    Info (278004): Inferred divider/modulo megafunction ("lpm_divide") from the following logic: "Mod0"
    Info (278004): Inferred divider/modulo megafunction ("lpm_divide") from the following logic: "Mod1"
    Info (278004): Inferred divider/modulo megafunction ("lpm_divide") from the following logic: "Div1"
    Info (278004): Inferred divider/modulo megafunction ("lpm_divide") from the following logic: "Div3"
    Info (278004): Inferred divider/modulo megafunction ("lpm_divide") from the following logic: "Mod2"
    Info (278004): Inferred divider/modulo megafunction ("lpm_divide") from the following logic: "Div2"
    Info (278004): Inferred divider/modulo megafunction ("lpm_divide") from the following logic: "Mod3"
    Info (278004): Inferred divider/modulo megafunction ("lpm_divide") from the following logic: "Div0"
Info (12130): Elaborated megafunction instantiation "lpm_divide:Mod0"
Info (12133): Instantiated megafunction "lpm_divide:Mod0" with the following parameter:
    Info (12134): Parameter "LPM_WIDTHN" = "8"
    Info (12134): Parameter "LPM_WIDTHD" = "4"
    Info (12134): Parameter "LPM_NREPRESENTATION" = "UNSIGNED"
    Info (12134): Parameter "LPM_DREPRESENTATION" = "UNSIGNED"
Info (12021): Found 1 design units, including 1 entities, in source file db/lpm_divide_m9m.tdf
    Info (12023): Found entity 1: lpm_divide_m9m
Info (12021): Found 1 design units, including 1 entities, in source file db/sign_div_unsign_bkh.tdf
    Info (12023): Found entity 1: sign_div_unsign_bkh
Info (12021): Found 1 design units, including 1 entities, in source file db/alt_u_div_13f.tdf
    Info (12023): Found entity 1: alt_u_div_13f
Info (12021): Found 1 design units, including 1 entities, in source file db/add_sub_unc.tdf
    Info (12023): Found entity 1: add_sub_unc
Info (12021): Found 1 design units, including 1 entities, in source file db/add_sub_vnc.tdf
    Info (12023): Found entity 1: add_sub_vnc
Info (12130): Elaborated megafunction instantiation "lpm_divide:Div1"
Info (12133): Instantiated megafunction "lpm_divide:Div1" with the following parameter:
    Info (12134): Parameter "LPM_WIDTHN" = "8"
    Info (12134): Parameter "LPM_WIDTHD" = "4"
    Info (12134): Parameter "LPM_NREPRESENTATION" = "UNSIGNED"
    Info (12134): Parameter "LPM_DREPRESENTATION" = "UNSIGNED"
Info (12021): Found 1 design units, including 1 entities, in source file db/lpm_divide_jhm.tdf
    Info (12023): Found entity 1: lpm_divide_jhm
Warning (12241): 1 hierarchies have connectivity warnings - see the Connectivity Checks report folder
Warning (13024): Output pins are stuck at VCC or GND
    Warning (13410): Pin "lcd_rw" is stuck at GND
Info (17049): 5 registers lost all their fanouts during netlist optimizations.
Info (144001): Generated suppressed messages file C:/Users/Administrator/Desktop/yangguo_DHT11(completed)/webdu.map.smsg
Info (16010): Generating hard_block partition "hard_block:auto_generated_inst"
    Info (16011): Adding 0 node(s), including 0 DDIO, 0 PLL, 0 transceiver and 0 LCELL
Info (21057): Implemented 801 device resources after synthesis - the final resource count might be different
    Info (21058): Implemented 2 input pins
    Info (21059): Implemented 11 output pins
    Info (21060): Implemented 1 bidirectional pins
    Info (21061): Implemented 787 logic cells
Info: Quartus II 64-Bit Analysis & Synthesis was successful. 0 errors, 8 warnings
    Info: Peak virtual memory: 495 megabytes
    Info: Processing ended: Fri Nov 30 15:23:13 2018
    Info: Elapsed time: 00:00:03
    Info: Total CPU time (on all processors): 00:00:03


+------------------------------------------+
; Analysis & Synthesis Suppressed Messages ;
+------------------------------------------+
The suppressed messages can be found in C:/Users/Administrator/Desktop/yangguo_DHT11(completed)/webdu.map.smsg.


